[    0.000000] Linux version 4.15.0-212-generic (buildd@lcy02-amd64-083) (gcc version 7.5.0 (Ubuntu 7.5.0-3ubuntu1~18.04)) #223-Ubuntu SMP Tue May 23 13:09:22 UTC 2023 (Ubuntu 4.15.0-212.223-generic 4.15.18)
[    0.000000] Command line: BOOT_IMAGE=/boot/vmlinuz-4.15.0-212-generic root=LABEL=cloudimg-rootfs ro console=tty1 console=ttyS0
[    0.000000] KERNEL supported cpus:
[    0.000000]   Intel GenuineIntel
[    0.000000]   AMD AuthenticAMD
[    0.000000]   Centaur CentaurHauls
[    0.000000] x86/fpu: x87 FPU will use FXSAVE
[    0.000000] e820: BIOS-provided physical RAM map:
[    0.000000] BIOS-e820: [mem 0x0000000000000000-0x000000000009fbff] usable
[    0.000000] BIOS-e820: [mem 0x000000000009fc00-0x000000000009ffff] reserved
[    0.000000] BIOS-e820: [mem 0x00000000000f0000-0x00000000000fffff] reserved
[    0.000000] BIOS-e820: [mem 0x0000000000100000-0x000000003ffeffff] usable
[    0.000000] BIOS-e820: [mem 0x000000003fff0000-0x000000003fffffff] ACPI data
[    0.000000] BIOS-e820: [mem 0x00000000fec00000-0x00000000fec00fff] reserved
[    0.000000] BIOS-e820: [mem 0x00000000fee00000-0x00000000fee00fff] reserved
[    0.000000] BIOS-e820: [mem 0x00000000fffc0000-0x00000000ffffffff] reserved
[    0.000000] NX (Execute Disable) protection: active
[    0.000000] SMBIOS 2.5 present.
[    0.000000] DMI: innotek GmbH VirtualBox/VirtualBox, BIOS VirtualBox 12/01/2006
[    0.000000] Hypervisor detected: KVM
[    0.000000] e820: last_pfn = 0x3fff0 max_arch_pfn = 0x400000000
[    0.000000] MTRR: Disabled
[    0.000000] x86/PAT: MTRRs disabled, skipping PAT initialization too.
[    0.000000] CPU MTRRs all blank - virtualized system.
[    0.000000] x86/PAT: Configuration [0-7]: WB  WT  UC- UC  WB  WT  UC- UC  
[    0.000000] found SMP MP-table at [mem 0x0009fff0-0x0009ffff]
[    0.000000] Scanning 1 areas for low memory corruption
[    0.000000] RAMDISK: [mem 0x359cb000-0x36cdcfff]
[    0.000000] ACPI: Early table checksum verification disabled
[    0.000000] ACPI: RSDP 0x00000000000E0000 000024 (v02 VBOX  )
[    0.000000] ACPI: XSDT 0x000000003FFF0030 00003C (v01 VBOX   VBOXXSDT 00000001 ASL  00000061)
[    0.000000] ACPI: FACP 0x000000003FFF00F0 0000F4 (v04 VBOX   VBOXFACP 00000001 ASL  00000061)
[    0.000000] ACPI: DSDT 0x000000003FFF0610 002353 (v02 VBOX   VBOXBIOS 00000002 INTL 20100528)
[    0.000000] ACPI: FACS 0x000000003FFF0200 000040
[    0.000000] ACPI: FACS 0x000000003FFF0200 000040
[    0.000000] ACPI: APIC 0x000000003FFF0240 00005C (v02 VBOX   VBOXAPIC 00000001 ASL  00000061)
[    0.000000] ACPI: SSDT 0x000000003FFF02A0 00036C (v01 VBOX   VBOXCPUT 00000002 INTL 20100528)
[    0.000000] ACPI: Reserving FACP table memory at [mem 0x3fff00f0-0x3fff01e3]
[    0.000000] ACPI: Reserving DSDT table memory at [mem 0x3fff0610-0x3fff2962]
[    0.000000] ACPI: Reserving FACS table memory at [mem 0x3fff0200-0x3fff023f]
[    0.000000] ACPI: Reserving FACS table memory at [mem 0x3fff0200-0x3fff023f]
[    0.000000] ACPI: Reserving APIC table memory at [mem 0x3fff0240-0x3fff029b]
[    0.000000] ACPI: Reserving SSDT table memory at [mem 0x3fff02a0-0x3fff060b]
[    0.000000] No NUMA configuration found
[    0.000000] Faking a node at [mem 0x0000000000000000-0x000000003ffeffff]
[    0.000000] NODE_DATA(0) allocated [mem 0x3ffc5000-0x3ffeffff]
[    0.000000] kvm-clock: cpu 0, msr 0:3ff44001, primary cpu clock
[    0.000000] kvm-clock: Using msrs 4b564d01 and 4b564d00
[    0.000000] kvm-clock: using sched offset of 5843870790 cycles
[    0.000000] clocksource: kvm-clock: mask: 0xffffffffffffffff max_cycles: 0x1cd42e4dffb, max_idle_ns: 881590591483 ns
[    0.000000] Zone ranges:
[    0.000000]   DMA      [mem 0x0000000000001000-0x0000000000ffffff]
[    0.000000]   DMA32    [mem 0x0000000001000000-0x000000003ffeffff]
[    0.000000]   Normal   empty
[    0.000000]   Device   empty
[    0.000000] Movable zone start for each node
[    0.000000] Early memory node ranges
[    0.000000]   node   0: [mem 0x0000000000001000-0x000000000009efff]
[    0.000000]   node   0: [mem 0x0000000000100000-0x000000003ffeffff]
[    0.000000] Reserved but unavailable: 104 pages
[    0.000000] Initmem setup node 0 [mem 0x0000000000001000-0x000000003ffeffff]
[    0.000000] ACPI: PM-Timer IO Port: 0x4008
[    0.000000] IOAPIC[0]: apic_id 2, version 32, address 0xfec00000, GSI 0-23
[    0.000000] ACPI: INT_SRC_OVR (bus 0 bus_irq 0 global_irq 2 dfl dfl)
[    0.000000] ACPI: INT_SRC_OVR (bus 0 bus_irq 9 global_irq 9 low level)
[    0.000000] Using ACPI (MADT) for SMP configuration information
[    0.000000] smpboot: Allowing 2 CPUs, 0 hotplug CPUs
[    0.000000] PM: Registered nosave memory: [mem 0x00000000-0x00000fff]
[    0.000000] PM: Registered nosave memory: [mem 0x0009f000-0x0009ffff]
[    0.000000] PM: Registered nosave memory: [mem 0x000a0000-0x000effff]
[    0.000000] PM: Registered nosave memory: [mem 0x000f0000-0x000fffff]
[    0.000000] e820: [mem 0x40000000-0xfebfffff] available for PCI devices
[    0.000000] Booting paravirtualized kernel on KVM
[    0.000000] clocksource: refined-jiffies: mask: 0xffffffff max_cycles: 0xffffffff, max_idle_ns: 7645519600211568 ns
[    0.000000] setup_percpu: NR_CPUS:8192 nr_cpumask_bits:2 nr_cpu_ids:2 nr_node_ids:1
[    0.000000] percpu: Embedded 50 pages/cpu s167936 r8192 d28672 u1048576
[    0.000000] PV qspinlock hash table entries: 256 (order: 0, 4096 bytes)
[    0.000000] Built 1 zonelists, mobility grouping on.  Total pages: 257913
[    0.000000] Policy zone: DMA32
[    0.000000] Kernel command line: BOOT_IMAGE=/boot/vmlinuz-4.15.0-212-generic root=LABEL=cloudimg-rootfs ro console=tty1 console=ttyS0
[    0.000000] Memory: 982644K/1048120K available (12300K kernel code, 2477K rwdata, 4324K rodata, 2480K init, 2720K bss, 65476K reserved, 0K cma-reserved)
[    0.000000] SLUB: HWalign=64, Order=0-3, MinObjects=0, CPUs=2, Nodes=1
[    0.000000] ftrace: allocating 39508 entries in 155 pages
[    0.004000] Hierarchical RCU implementation.
[    0.004000] 	RCU restricting CPUs from NR_CPUS=8192 to nr_cpu_ids=2.
[    0.004000] 	Tasks RCU enabled.
[    0.004000] RCU: Adjusting geometry for rcu_fanout_leaf=16, nr_cpu_ids=2
[    0.004000] NR_IRQS: 524544, nr_irqs: 440, preallocated irqs: 16
[    0.004000] random: crng init done
[    0.004000] Console: colour VGA+ 80x25
[    0.004000] console [tty1] enabled
[    0.004000] console [ttyS0] enabled
[    0.004000] ACPI: Core revision 20170831
[    0.004000] ACPI: 2 ACPI AML tables successfully acquired and loaded
[    0.004000] APIC: Switch to symmetric I/O mode setup
[    0.004000] ..TIMER: vector=0x30 apic1=0 pin1=2 apic2=-1 pin2=-1
[    0.004015] tsc: Detected 2688.000 MHz processor
[    0.008020] Calibrating delay loop (skipped) preset value.. 5376.00 BogoMIPS (lpj=10752000)
[    0.012014] pid_max: default: 32768 minimum: 301
[    0.016148] Security Framework initialized
[    0.020015] Yama: becoming mindful.
[    0.024363] AppArmor: AppArmor initialized
[    0.038690] Dentry cache hash table entries: 131072 (order: 8, 1048576 bytes)
[    0.048655] Inode-cache hash table entries: 65536 (order: 7, 524288 bytes)
[    0.052237] Mount-cache hash table entries: 2048 (order: 2, 16384 bytes)
[    0.056211] Mountpoint-cache hash table entries: 2048 (order: 2, 16384 bytes)
[    0.068593] Last level iTLB entries: 4KB 0, 2MB 0, 4MB 0
[    0.072014] Last level dTLB entries: 4KB 0, 2MB 0, 4MB 0, 1GB 0
[    0.076022] Spectre V1 : Mitigation: usercopy/swapgs barriers and __user pointer sanitization
[    0.080013] Spectre V2 : Mitigation: Enhanced IBRS
[    0.084015] Spectre V2 : Spectre v2 / SpectreRSB mitigation: Filling RSB on context switch
[    0.088014] Spectre V2 : Spectre v2 / PBRSB-eIBRS: Retire a single CALL on VMEXIT
[    0.092015] RETBleed: Mitigation: Enhanced IBRS
[    0.100013] Speculative Store Bypass: Vulnerable
[    0.104614] Freeing SMP alternatives memory: 36K
[    0.240271] APIC calibration not consistent with PM-Timer: 104ms instead of 100ms
[    0.244000] APIC delta adjusted to PM-Timer: 6384971 (6679075)
[    0.245339] smpboot: CPU0: 11th Gen Intel(R) Core(TM) i5-11400H @ 2.70GHz (family: 0x6, model: 0x8d, stepping: 0x1)
[    0.249047] Performance Events: unsupported p6 CPU model 141 no PMU driver, software events only.
[    0.252396] Hierarchical SRCU implementation.
[    0.260579] NMI watchdog: Perf event create on CPU 0 failed with -2
[    0.264014] NMI watchdog: Perf NMI watchdog permanently disabled
[    0.273178] smp: Bringing up secondary CPUs ...
[    0.280085] x86: Booting SMP configuration:
[    0.284018] .... node  #0, CPUs:      #1
[    0.004000] kvm-clock: cpu 1, msr 0:3ff44041, secondary cpu clock
[    0.320000] TSC synchronization [CPU#0 -> CPU#1]:
[    0.320000] Measured 96764 cycles TSC warp between CPUs, turning off TSC clock.
[    0.320000] tsc: Marking TSC unstable due to check_tsc_sync_source failed
[    0.324619] smp: Brought up 1 node, 2 CPUs
[    0.328024] smpboot: Max logical packages: 1
[    0.332023] smpboot: Total of 2 processors activated (10752.00 BogoMIPS)
[    0.341574] devtmpfs: initialized
[    0.344177] x86/mm: Memory block size: 128MB
[    0.352629] evm: security.selinux
[    0.360095] evm: security.SMACK64
[    0.364017] evm: security.SMACK64EXEC
[    0.368012] evm: security.SMACK64TRANSMUTE
[    0.372014] evm: security.SMACK64MMAP
[    0.376015] evm: security.apparmor
[    0.384011] evm: security.ima
[    0.388012] evm: security.capability
[    0.400361] clocksource: jiffies: mask: 0xffffffff max_cycles: 0xffffffff, max_idle_ns: 7645041785100000 ns
[    0.448049] futex hash table entries: 512 (order: 3, 32768 bytes)
[    0.476697] pinctrl core: initialized pinctrl subsystem
[    0.505636] RTC time: 16:22:32, date: 08/06/24
[    0.539245] NET: Registered protocol family 16
[    0.560760] audit: initializing netlink subsys (disabled)
[    0.589179] audit: type=2000 audit(1722961358.025:1): state=initialized audit_enabled=0 res=1
[    0.616049] cpuidle: using governor ladder
[    0.628064] cpuidle: using governor menu
[    0.640197] ACPI: bus type PCI registered
[    0.656016] acpiphp: ACPI Hot Plug PCI Controller Driver version: 0.5
[    0.676489] PCI: Using configuration type 1 for base access
[    0.708494] HugeTLB registered 2.00 MiB page size, pre-allocated 0 pages
[    0.744917] ACPI: Added _OSI(Module Device)
[    0.760018] ACPI: Added _OSI(Processor Device)
[    0.772013] ACPI: Added _OSI(3.0 _SCP Extensions)
[    0.788019] ACPI: Added _OSI(Processor Aggregator Device)
[    0.804031] ACPI: Added _OSI(Linux-Dell-Video)
[    0.820025] ACPI: Added _OSI(Linux-Lenovo-NV-HDMI-Audio)
[    0.836023] ACPI: Added _OSI(Linux-HPI-Hybrid-Graphics)
[    0.861138] ACPI: Executed 1 blocks of module-level executable AML code
[    0.896529] ACPI: Interpreter enabled
[    0.912058] ACPI: (supports S0 S5)
[    0.924013] ACPI: Using IOAPIC for interrupt routing
[    0.941081] PCI: Using host bridge windows from ACPI; if necessary, use "pci=nocrs" and report a bug
[    0.972726] ACPI: Enabled 2 GPEs in block 00 to 07
[    1.030753] ACPI: PCI Root Bridge [PCI0] (domain 0000 [bus 00-ff])
[    1.056038] acpi PNP0A03:00: _OSC: OS supports [ASPM ClockPM Segments MSI]
[    1.082755] acpi PNP0A03:00: _OSC: not requesting OS control; OS requires [ExtendedConfig ASPM ClockPM MSI]
[    1.116083] acpi PNP0A03:00: fail to add MMCONFIG information, can't access extended PCI configuration space under this bridge.
[    1.148896] PCI host bridge to bus 0000:00
[    1.160021] pci_bus 0000:00: root bus resource [io  0x0000-0x0cf7 window]
[    1.184023] pci_bus 0000:00: root bus resource [io  0x0d00-0xffff window]
[    1.208027] pci_bus 0000:00: root bus resource [mem 0x000a0000-0x000bffff window]
[    1.228021] pci_bus 0000:00: root bus resource [mem 0x40000000-0xfdffffff window]
[    1.256026] pci_bus 0000:00: root bus resource [bus 00-ff]
[    1.294399] pci 0000:00:01.1: legacy IDE quirk: reg 0x10: [io  0x01f0-0x01f7]
[    1.316023] pci 0000:00:01.1: legacy IDE quirk: reg 0x14: [io  0x03f6]
[    1.336029] pci 0000:00:01.1: legacy IDE quirk: reg 0x18: [io  0x0170-0x0177]
[    1.360022] pci 0000:00:01.1: legacy IDE quirk: reg 0x1c: [io  0x0376]
[    1.444868] pci 0000:00:07.0: quirk: [io  0x4000-0x403f] claimed by PIIX4 ACPI
[    1.468162] pci 0000:00:07.0: quirk: [io  0x4100-0x410f] claimed by PIIX4 SMB
[    1.532326] ACPI: PCI Interrupt Link [LNKA] (IRQs 5 9 10 *11)
[    1.558402] ACPI: PCI Interrupt Link [LNKB] (IRQs 5 9 *10 11)
[    1.580812] ACPI: PCI Interrupt Link [LNKC] (IRQs 5 *9 10 11)
[    1.604069] ACPI: PCI Interrupt Link [LNKD] (IRQs 5 9 10 *11)
[    1.625752] SCSI subsystem initialized
[    1.640745] pci 0000:00:02.0: vgaarb: setting as boot VGA device
[    1.644000] pci 0000:00:02.0: vgaarb: VGA device added: decodes=io+mem,owns=io+mem,locks=none
[    1.684031] pci 0000:00:02.0: vgaarb: bridge control possible
[    1.700015] vgaarb: loaded
[    1.712248] ACPI: bus type USB registered
[    1.728082] usbcore: registered new interface driver usbfs
[    1.748149] usbcore: registered new interface driver hub
[    1.764141] usbcore: registered new device driver usb
[    1.784724] EDAC MC: Ver: 3.0.0
[    1.804009] PCI: Using ACPI for IRQ routing
[    1.818134] NetLabel: Initializing
[    1.832013] NetLabel:  domain hash size = 128
[    1.848012] NetLabel:  protocols = UNLABELED CIPSOv4 CALIPSO
[    1.864427] NetLabel:  unlabeled traffic allowed by default
[    1.872780] clocksource: Switched to clocksource kvm-clock
[    1.954036] VFS: Disk quotas dquot_6.6.0
[    1.954036] VFS: Dquot-cache hash table entries: 512 (order 0, 4096 bytes)
[    1.954036] AppArmor: AppArmor Filesystem Enabled
[    1.954036] pnp: PnP ACPI init
[    1.954036] pnp: PnP ACPI: found 3 devices
[    2.215543] clocksource: acpi_pm: mask: 0xffffff max_cycles: 0xffffff, max_idle_ns: 2085701024 ns
[    2.216608] NET: Registered protocol family 2
[    2.216608] IP idents hash table entries: 16384 (order: 5, 131072 bytes)
[    2.276892] TCP established hash table entries: 8192 (order: 4, 65536 bytes)
[    2.300615] TCP bind hash table entries: 8192 (order: 5, 131072 bytes)
[    2.321583] TCP: Hash tables configured (established 8192 bind 8192)
[    2.343372] UDP hash table entries: 512 (order: 2, 16384 bytes)
[    2.361714] UDP-Lite hash table entries: 512 (order: 2, 16384 bytes)
[    2.380552] NET: Registered protocol family 1
[    2.393209] pci 0000:00:00.0: Limiting direct PCI/PCI transfers
[    2.410599] pci 0000:00:01.0: Activating ISA DMA hang workarounds
[    2.432043] pci 0000:00:02.0: Video device with shadowed ROM at [mem 0x000c0000-0x000dffff]
[    2.461664] Unpacking initramfs...
[    2.957168] Freeing initrd memory: 19528K
[    3.936200] clocksource: tsc: mask: 0xffffffffffffffff max_cycles: 0x26bef67878b, max_idle_ns: 440795293631 ns
[    3.963463] platform rtc_cmos: registered platform RTC device (no PNP device found)
[    3.985070] Scanning for low memory corruption every 60 seconds
[    4.006196] Initialise system trusted keyrings
[    4.020970] Key type blacklist registered
[    4.037310] workingset: timestamp_bits=36 max_order=18 bucket_order=0
[    4.064783] zbud: loaded
[    4.078001] squashfs: version 4.0 (2009/01/31) Phillip Lougher
[    4.100052] fuse init (API version 7.26)
[    4.179866] Key type asymmetric registered
[    4.193102] Asymmetric key parser 'x509' registered
[    4.209209] Block layer SCSI generic (bsg) driver version 0.4 loaded (major 246)
[    4.235777] io scheduler noop registered
[    4.249578] io scheduler deadline registered
[    4.265729] io scheduler cfq registered (default)
[    4.282394] ACPI: AC Adapter [AC] (off-line)
[    4.298180] input: Power Button as /devices/LNXSYSTM:00/LNXPWRBN:00/input/input0
[    4.327050] ACPI: Power Button [PWRF]
[    4.337899] input: Sleep Button as /devices/LNXSYSTM:00/LNXSLPBN:00/input/input1
[    4.359304] ACPI: Sleep Button [SLPF]
[    4.378115] Serial: 8250/16550 driver, 32 ports, IRQ sharing enabled
[    4.381088] ACPI: Battery Slot [BAT0] (battery present)
[    4.478208] 00:02: ttyS0 at I/O 0x3f8 (irq = 4, base_baud = 115200) is a 16550A
[    4.509226] Linux agpgart interface v0.103
[    4.544314] loop: module loaded
[    4.565752] scsi host0: ata_piix
[    4.578828] scsi host1: ata_piix
[    4.593160] ata1: PATA max UDMA/33 cmd 0x1f0 ctl 0x3f6 bmdma 0xd000 irq 14
[    4.612574] ata2: PATA max UDMA/33 cmd 0x170 ctl 0x376 bmdma 0xd008 irq 15
[    4.634804] tun: Universal TUN/TAP device driver, 1.6
[    4.650445] PPP generic driver version 2.4.2
[    4.663846] ehci_hcd: USB 2.0 'Enhanced' Host Controller (EHCI) Driver
[    4.682882] ehci-pci: EHCI PCI platform driver
[    4.696497] ehci-platform: EHCI generic platform driver
[    4.712171] ohci_hcd: USB 1.1 'Open' Host Controller (OHCI) Driver
[    4.731955] ohci-pci: OHCI PCI platform driver
[    4.745637] ohci-platform: OHCI generic platform driver
[    4.762018] uhci_hcd: USB Universal Host Controller Interface driver
[    4.781222] i8042: PNP: PS/2 Controller [PNP0303:PS2K,PNP0f03:PS2M] at 0x60,0x64 irq 1,12
[    4.819360] serio: i8042 KBD port at 0x60,0x64 irq 1
[    4.831595] serio: i8042 AUX port at 0x60,0x64 irq 12
[    4.920122] mousedev: PS/2 mouse device common for all mice
[    4.942277] input: AT Translated Set 2 keyboard as /devices/platform/i8042/serio0/input/input2
[    4.970815] rtc_cmos rtc_cmos: rtc core: registered rtc_cmos as rtc0
[    4.991320] rtc_cmos rtc_cmos: alarms up to one day, 114 bytes nvram
[    4.993125] i2c /dev entries driver
[    4.993125] device-mapper: uevent: version 1.0.3
[    5.033316] device-mapper: ioctl: 4.37.0-ioctl (2017-09-20) initialised: dm-devel@redhat.com
[    5.055036] ledtrig-cpu: registered to indicate activity on CPUs
[    5.080524] NET: Registered protocol family 10
[    5.133196] Segment Routing with IPv6
[    5.144215] NET: Registered protocol family 17
[    5.158334] Key type dns_resolver registered
[    5.173482] mce: Using 0 MCE banks
[    5.184041] RAS: Correctable Errors collector initialized.
[    5.198475] sched_clock: Marking stable (5198242898, 0)->(7548545796, -2350302898)
[    5.235252] registered taskstats version 1
[    5.244204] Loading compiled-in X.509 certificates
[    5.282278] Loaded X.509 cert 'Build time autogenerated kernel key: b5b26778eaa3ab3a4a6cee031137706e947d12ad'
[    5.310040] Loaded X.509 cert 'Canonical Ltd. Live Patch Signing: 14df34d1a87cf37625abec039ef2bf521249b969'
[    5.337123] Loaded X.509 cert 'Canonical Ltd. Kernel Module Signing: 88f752e560a1e0737e31163a466ad7b70a850c19'
[    5.364947] blacklist: Loading compiled-in revocation X.509 certificates
[    5.384246] Loaded X.509 cert 'Canonical Ltd. Secure Boot Signing: 61482aa2830d0ab2ad5af10b7250da9033ddcef0'
[    5.409789] Loaded X.509 cert 'Canonical Ltd. Secure Boot Signing (2017): 242ade75ac4a15e50d50c84b0d45ff3eae707a03'
[    5.438651] Loaded X.509 cert 'Canonical Ltd. Secure Boot Signing (ESM 2018): 365188c1d374d6b07c3c8f240f8ef722433d6a8b'
[    5.468953] Loaded X.509 cert 'Canonical Ltd. Secure Boot Signing (2019): c0746fd6c5da3ae827864651ad66ae47fe24b3e8'
[    5.496683] Loaded X.509 cert 'Canonical Ltd. Secure Boot Signing (2021 v1): a8d54bbb3825cfb94fa13c9f8a594a195c107b8d'
[    5.525229] Loaded X.509 cert 'Canonical Ltd. Secure Boot Signing (2021 v2): 4cf046892d6fd3c9a5b03f98d845f90851dc6a8c'
[    5.555640] Loaded X.509 cert 'Canonical Ltd. Secure Boot Signing (2021 v3): 100437bb6de6e469b581e61cd66bce3ef4ed53af'
[    5.586946] Loaded X.509 cert 'Canonical Ltd. Secure Boot Signing (Ubuntu Core 2019): c1d57b8f6b743f23ee41f4f7ee292f06eecadfb9'
[    5.627835] zswap: loaded using pool lzo/zbud
[    5.692802] Key type big_key registered
[    5.700708] Key type trusted registered
[    5.717617] Key type encrypted registered
[    5.734373] AppArmor: AppArmor sha1 policy hashing enabled
[    5.747920] ima: No TPM chip found, activating TPM-bypass! (rc=-19)
[    5.761524] ima: Allocated hash algorithm: sha1
[    5.775157] evm: HMAC attrs: 0x1
[    5.786497]   Magic number: 4:981:387
[    5.795953] rtc_cmos rtc_cmos: setting system clock to 2024-08-06 16:22:37 UTC (1722961357)
[    5.819124] BIOS EDD facility v0.16 2004-Jun-25, 0 devices found
[    5.831004] EDD information not available.
[    5.855537] Freeing unused kernel image memory: 2480K
[    5.892727] Write protecting the kernel read-only data: 20480k
[    5.914017] Freeing unused kernel image memory: 2008K
[    5.930520] Freeing unused kernel image memory: 1820K
[    5.962814] x86/mm: Checked W+X mappings: passed, no W+X pages found.
Loading, please wait...
starting version 237
[    6.294431] e1000: Intel(R) PRO/1000 Network Driver - version 7.3.21-k8-NAPI
[    6.294519] Fusion MPT base driver 3.04.20
[    6.309434] e1000: Copyright (c) 1999-2006 Intel Corporation.
[    6.341860] Copyright (c) 1999-2008 LSI Corporation
[    6.489259] SSE version of gcm_enc/dec engaged.
[    6.521443] Fusion MPT SPI Host driver 3.04.20
[    6.627325] input: ImExPS/2 Generic Explorer Mouse as /devices/platform/i8042/serio1/input/input4
[    8.031994] e1000 0000:00:03.0 eth0: (PCI:33MHz:32-bit) 02:3b:7b:b7:3b:2d
[    8.054388] e1000 0000:00:03.0 eth0: Intel(R) PRO/1000 Network Connection
[    8.084528] mptbase: ioc0: Initiating bringup
[    8.229891] ioc0: LSI53C1030 A0: Capabilities={Initiator}
[    8.551397] scsi host2: ioc0: LSI53C1030 A0, FwRev=00000000h, Ports=1, MaxQ=256, IRQ=20
[    8.755752] scsi 2:0:0:0: Direct-Access     VBOX     HARDDISK         1.0  PQ: 0 ANSI: 5
[    9.396963] scsi target2:0:0: Beginning Domain Validation
[    9.483525] scsi target2:0:0: Domain Validation skipping write tests
[    9.501866] scsi target2:0:0: Ending Domain Validation
[    9.519322] scsi target2:0:0: asynchronous
[    9.538583] scsi 2:0:1:0: Direct-Access     VBOX     HARDDISK         1.0  PQ: 0 ANSI: 5
[    9.800586] scsi target2:0:1: Beginning Domain Validation
[    9.835490] scsi target2:0:1: Domain Validation skipping write tests
[    9.847792] scsi target2:0:1: Ending Domain Validation
[    9.857047] scsi target2:0:1: asynchronous
[    9.906823] sd 2:0:0:0: [sda] 83886080 512-byte logical blocks: (42.9 GB/40.0 GiB)
[    9.923969] sd 2:0:0:0: Attached scsi generic sg0 type 0
[    9.938932] sd 2:0:0:0: [sda] Write Protect is off
[    9.954786] sd 2:0:1:0: Attached scsi generic sg1 type 0
[    9.967865] sd 2:0:0:0: [sda] Incomplete mode parameter data
[    9.983365] sd 2:0:0:0: [sda] Assuming drive cache: write through
[   10.003556] sd 2:0:1:0: [sdb] 20480 512-byte logical blocks: (10.5 MB/10.0 MiB)
[   10.027737] sd 2:0:1:0: [sdb] Write Protect is off
[   10.053838] sd 2:0:1:0: [sdb] Incomplete mode parameter data
[   10.076605] sd 2:0:1:0: [sdb] Assuming drive cache: write through
[   10.094514]  sda: sda1
[   10.112927] sd 2:0:0:0: [sda] Attached SCSI disk
[   10.138345] sd 2:0:1:0: [sdb] Attached SCSI disk
[   10.471429] e1000 0000:00:08.0 eth1: (PCI:33MHz:32-bit) 08:00:27:6c:f0:56
[   10.489618] e1000 0000:00:08.0 eth1: Intel(R) PRO/1000 Network Connection
[   10.515509] e1000 0000:00:03.0 enp0s3: renamed from eth0
[   10.552361] e1000 0000:00:08.0 enp0s8: renamed from eth1
Begin: Loading essential drivers ... [   16.949282] raid6: sse2x1   gen() 40204 MB/s
[   18.952705] raid6: sse2x1   xor() 62235 MB/s
[   20.951264] raid6: sse2x2   gen() 117043 MB/s
[   22.001630] raid6: sse2x2   xor()  2792 MB/s
[   22.073013] raid6: sse2x4   gen()  5792 MB/s
[   22.136366] raid6: sse2x4   xor()  3440 MB/s
[   22.148781] raid6: using algorithm sse2x2 gen() 117043 MB/s
[   22.161199] raid6: .... xor() 2792 MB/s, rmw enabled
[   22.172541] raid6: using ssse3x2 recovery algorithm
[   22.190833] xor: measuring software checksum speed
[   22.240855]    prefetch64-sse:  6375.000 MB/sec
[   22.293067]    generic_sse:  5151.000 MB/sec
[   22.307212] xor: using function: prefetch64-sse (6375.000 MB/sec)
[   22.332656] async_tx: api initialized (async)
done.
Begin: Running /scripts/init-premount ... done.
Begin: Mounting root file system ... Begin: Running /scripts/local-top ... done.
Begin: Running /scripts/local-premount ... [   22.572316] Btrfs loaded, crc32c=crc32c-intel
Scanning for Btrfs filesystems
done.
Warning: fsck not present, so skipping root file system
[   22.737539] EXT4-fs (sda1): mounted filesystem with ordered data mode. Opts: (null)
done.
Begin: Running /scripts/local-bottom ... done.
Begin: Running /scripts/init-bottom ... done.
[   23.382620] ip_tables: (C) 2000-2006 Netfilter Core Team
[   23.451630] systemd[1]: systemd 237 running in system mode. (+PAM +AUDIT +SELINUX +IMA +APPARMOR +SMACK +SYSVINIT +UTMP +LIBCRYPTSETUP +GCRYPT +GNUTLS +ACL +XZ +LZ4 +SECCOMP +BLKID +ELFUTILS +KMOD -IDN2 +IDN -PCRE2 default-hierarchy=hybrid)
[   23.511162] systemd[1]: Detected virtualization oracle.
[   23.525429] systemd[1]: Detected architecture x86-64.

Welcome to [1mUbuntu 18.04.6 LTS[0m!

[   23.670479] systemd[1]: Set hostname to <ubuntu>.
[   23.702003] systemd[1]: Initializing machine ID from random generator.
[   23.720864] systemd[1]: Installed transient /etc/machine-id file.
[   24.638903] systemd[1]: Created slice User and Session Slice.
[[0;32m  OK  [0m] Created slice User and Session Slice.
[   24.666125] systemd[1]: Started Forward Password Requests to Wall Directory Watch.
[[0;32m  OK  [0m] Started Forward Password Requests to Wall Directory Watch.
[   24.699217] systemd[1]: Reached target Swap.
[[0;32m  OK  [0m] Reached target Swap.
[   24.726538] systemd[1]: Created slice System Slice.
[[0;32m  OK  [0m] Created slice System Slice.
[[0;32m  OK  [0m] Listening on fsck to fsckd communication Socket.
[[0;32m  OK  [0m] Listening on Device-mapper event daemon FIFOs.
[[0;32m  OK  [0m] Created slice system-serial\x2dgetty.slice.
[[0;32m  OK  [0m] Listening on udev Control Socket.
[[0;32m  OK  [0m] Reached target System Time Synchronized.
[[0;32m  OK  [0m] Listening on Syslog Socket.
[[0;32m  OK  [0m] Reached target Mounting snaps.
[[0;32m  OK  [0m] Listening on Journal Socket.
         Starting Uncomplicated firewall...
         Starting Set the console keyboard layout...
         Mounting POSIX Message Queue File System...
         Starting Create list of required stâ€¦ce nodes for the current kernel...
[[0;32m  OK  [0m] Listening on Journal Socket (/dev/log).
[[0;32m  OK  [0m] Set up automount Arbitrary Executabâ€¦rmats File System Automount Point.
[[0;32m  OK  [0m] Listening on Network Service Netlink Socket.
         Starting Load Kernel Modules...
[[0;32m  OK  [0m] Reached target Slices.
         Mounting Kernel Debug File System...
[[0;32m  OK  [0m] Listening on LVM2 metadata daemon socket.
[[0;32m  OK  [0m] Listening on /dev/initctl Compatibility Named Pipe.
[   25.292637] Loading iSCSI transport class v2.0-870.
         Starting Monitoring of LVM2 mirrorsâ€¦ng dmeventd or progress polling...
[[0;32m  OK  [0m] Listening on Journal Audit Socket.
         Starting Journal Service...
[[0;32m  OK  [0m] Listening on udev Kernel Socket.
         Starting udev Coldplug all Devices...
         Mounting Huge Pages File System...
         Starting File System Check on Root Device...
[[   25.511083] iscsi: registered transport (tcp)
[0;32m  OK  [0m] Reached target Mounted snaps.
[[0;32m  OK  [0m] Listening on LVM2 poll daemon socket.
[[0;32m  OK  [0m] Reached target User and Group Name Lookups.
[[0;32m  OK  [0m] Started Uncomplicated firewall.
[[0;32m  OK  [0m] Mounted POSIX Message Queue File System.
[[0;32m  OK  [0m] Started Create list of required staâ€¦vice nodes for the current kernel.
[[0;32m  OK  [0m] Mounted Kernel Debug File System.
[[0;32m  OK  [0m] Mounted Huge Pages File System.
[[0;32m  OK  [0m] Started File System Check Daemon to report status.
[[0;32m  OK  [0m] Started LVM2 metadata daemon.
         Starting Create Static Device Nodes in /dev...
[[0;32m  OK  [0m] Started Create Static Device Nodes in /dev.
[   25.873806] iscsi: registered transport (iser)
[[0;32m  OK  [0m] Started File System Check on Root Device.
[[0;32m  OK  [0m] Started udev Coldplug all Devices.
         Starting Remount Root and Kernel File Systems...
[[0;32m  OK  [0m] Started Monitoring of LVM2 mirrors,â€¦sing dmeventd or progress polling.
[[0;32m  OK  [0m] Started Journal Service.
[[0;32m  OK  [0m] Started Load Kernel Modules.
         Mounting Kernel Configuration File System...
         Mounting FUSE Control File System...
         Starting Apply Kernel Variables...
[   26.064004] EXT4-fs (sda1): re-mounted. Opts: (null)
[[0;32m  OK  [0m] Mounted Kernel Configuration File System.
[[0;32m  OK  [0m] Mounted FUSE Control File System.
[[0;32m  OK  [0m] Started Remount Root and Kernel File Systems.
         Starting Load/Save Random Seed...
         Starting udev Kernel Device Manager...
         Starting Flush Journal to Persistent Storage...
[[0;32m  OK  [0m] Started Apply Kernel Variables.
[[0;32m  OK  [0m] Started Load/Save Random Seed.
[[0;32m  OK  [0m] Started udev Kernel Device Manager.
[[0;32m  OK  [0m] Started Flush Journal to Persistent Storage.
[[0;32m  OK  [0m] Found device /dev/ttyS0.
[[0;32m  OK  [0m] Started Set the console keyboard layout.
[[0;32m  OK  [0m] Reached target Local File Systems (Pre).
[[0;32m  OK  [0m] Reached target Local File Systems.
         Starting Tell Plymouth To Write Out Runtime Data...
         Starting Create Volatile Files and Directories...
         Starting AppArmor initialization...
         Starting Commit a transient machine-id on disk...
         Starting Set console font and keymap...
         Starting ebtables ruleset management...
[[0;32m  OK  [0m] Started Dispatch Password Requests to Console Directory Watch.
[[0;32m  OK  [0m] Reached target Local Encrypted Volumes.
[[0;32m  OK  [0m] Started Tell Plymouth To Write Out Runtime Data.
[[0;32m  OK  [0m] Started Create Volatile Files and Directories.
[[0;32m  OK  [0m] Listening on Load/Save RF Kill Switch Status /dev/rfkill Watch.
         Starting Update UTMP about System Boot/Shutdown...
[[0;32m  OK  [0m] Started Commit a transient machine-id on disk.
[[0;32m  OK  [0m] Started Update UTMP about System Boot/Shutdown.
[[0;32m  OK  [0m] Started ebtables ruleset management.
         Mounting Arbitrary Executable File Formats File System...
[[0;32m  OK  [0m] Mounted Arbitrary Executable File Formats File System.
[[0;32m  OK  [0m] Started AppArmor initialization.
         Starting Load AppArmor profiles managed internally by snapd...
         Starting Initial cloud-init job (pre-networking)...
[[0;32m  OK  [0m] Started Load AppArmor profiles managed internally by snapd.
[[0;32m  OK  [0m] Started Set console font and keymap.
[   37.319445] cloud-init[781]: Cloud-init v. 23.1.2-0ubuntu0~18.04.1 running 'init-local' at Tue, 06 Aug 2024 16:23:07 +0000. Up 35.80 seconds.
[[0;32m  OK  [0m] Started Initial cloud-init job (pre-networking).
[[0;32m  OK  [0m] Reached target Network (Pre).
         Starting Network Service...
[[0;32m  OK  [0m] Started Network Service.
         Starting Wait for Network to be Configured...
         Starting Network Name Resolution...
[[0;32m  OK  [0m] Started Network Name Resolution.
[[0;32m  OK  [0m] Reached target Host and Network Name Lookups.
[[0;32m  OK  [0m] Reached target Network.
[[0;32m  OK  [0m] Started Wait for Network to be Configured.
         Starting Initial cloud-init job (metadata service crawler)...
[   42.011220] cloud-init[911]: Cloud-init v. 23.1.2-0ubuntu0~18.04.1 running 'init' at Tue, 06 Aug 2024 16:23:13 +0000. Up 41.46 seconds.
[   42.031422] cloud-init[911]: ci-info: ++++++++++++++++++++++++++++++++++++++Net device info+++++++++++++++++++++++++++++++++++++++
[   42.047549] cloud-init[911]: ci-info: +--------+-------+----------------------------+---------------+--------+-------------------+
[   42.061313] cloud-init[911]: ci-info: | Device |   Up  |          Address           |      Mask     | Scope  |     Hw-Address    |
[   42.074464] cloud-init[911]: ci-info: +--------+-------+----------------------------+---------------+--------+-------------------+
[   42.087144] cloud-init[911]: ci-info: | enp0s3 |  True |         10.0.2.15          | 255.255.255.0 | global | 02:3b:7b:b7:3b:2d |
[   42.102246] cloud-init[911]: ci-info: | enp0s3 |  True | fe80::3b:7bff:feb7:3b2d/64 |       .       |  link  | 02:3b:7b:b7:3b:2d |
[   42.114765] cloud-init[911]: ci-info: | enp0s8 | False |             .              |       .       |   .    | 08:00:27:6c:f0:56 |
[   42.128173] cloud-init[911]: ci-info: |   lo   |  True |         127.0.0.1          |   255.0.0.0   |  host  |         .         |
[   42.143330] cloud-init[911]: ci-info: |   lo   |  True |          ::1/128           |       .       |  host  |         .         |
[   42.157275] cloud-init[911]: ci-info: +--------+-------+----------------------------+---------------+--------+-------------------+
[   42.169962] cloud-init[911]: ci-info: ++++++++++++++++++++++++++++Route IPv4 info+++++++++++++++++++++++++++++
[   42.181533] cloud-init[911]: ci-info: +-------+-------------+----------+-----------------+-----------+-------+
[   42.193578] cloud-init[911]: ci-info: | Route | Destination | Gateway  |     Genmask     | Interface | Flags |
[   42.215033] cloud-init[911]: ci-info: +-------+-------------+----------+-----------------+-----------+-------+
[   42.233194] cloud-init[911]: ci-info: |   0   |   0.0.0.0   | 10.0.2.2 |     0.0.0.0     |   enp0s3  |   UG  |
[   42.243559] cloud-init[911]: ci-info: |   1   |   10.0.2.0  | 0.0.0.0  |  255.255.255.0  |   enp0s3  |   U   |
[   42.251521] cloud-init[911]: ci-info: |   2   |   10.0.2.2  | 0.0.0.0  | 255.255.255.255 |   enp0s3  |   UH  |
[   42.259159] cloud-init[911]: ci-info: +-------+-------------+----------+-----------------+-----------+-------+
[   42.266771] cloud-init[911]: ci-info: +++++++++++++++++++Route IPv6 info+++++++++++++++++++
[   42.273820] cloud-init[911]: ci-info: +-------+-------------+---------+-----------+-------+
[   42.283804] cloud-init[911]: ci-info: | Route | Destination | Gateway | Interface | Flags |
[   42.291717] cloud-init[911]: ci-info: +-------+-------------+---------+-----------+-------+
[   42.299756] cloud-init[911]: ci-info: |   1   |  fe80::/64  |    ::   |   enp0s3  |   U   |
[   42.310175] cloud-init[911]: ci-info: |   3   |    local    |    ::   |   enp0s3  |   U   |
[   42.320151] cloud-init[911]: ci-info: |   4   |   ff00::/8  |    ::   |   enp0s3  |   U   |
[   42.333134] cloud-init[911]: ci-info: +-------+-------------+---------+-----------+-------+
[   45.166015] cloud-init[911]: Generating public/private rsa key pair.
[   45.185134] cloud-init[911]: Your identification has been saved in /etc/ssh/ssh_host_rsa_key.
[   45.208470] cloud-init[911]: Your public key has been saved in /etc/ssh/ssh_host_rsa_key.pub.
[   45.230929] cloud-init[911]: The key fingerprint is:
[   45.252290] cloud-init[911]: SHA256:hoNDlpiPQZHHGe73iGXwjOvIn2jP7TjzcsEOIrEhuhY root@ubuntu-bionic
[   45.273856] cloud-init[911]: The key's randomart image is:
[   45.290539] cloud-init[911]: +---[RSA 2048]----+
[   45.304948] cloud-init[911]: |  o+.o           |
[   45.321997] cloud-init[911]: | ..++.           |
[   45.338864] cloud-init[911]: |  +.*            |[[0;32m  OK  [0m] Started Initial cloud-init job (metadata service crawler).
[[0;32m  OK  [0m] Reached target Cloud-config availability.
[[0;32m  OK  [0m] Reached target System Initialization.
[[0;32m  OK  [0m] Started Ubuntu Advantage Timer for running repeated jobs.
[[0;32m  OK  [0m] Started Discard unused blocks once a week.
[[0;32m  OK  [0m] Listening on D-Bus System Message Bus Socket.

[[0;32m  OK  [0m] Started ACPI Events Check.
[[0;32m  OK  [0m] Started Daily Cleanup of Temporary Directories.
[   45.407283] cloud-init[[0;32m  OK  [0m] Listening on UUID daemon activation socket.
         Starting Socket activation for snappy daemon.
[[0;32m  OK  [0m] Listening on Open-iSCSI iscsid Socket.
[[0;32m  OK  [0m] Started Daily apt download activities.
[[0;32m  OK  [0m] Started Daily apt upgrade and clean activities.
[[0;32m  OK  [0m] Started Message of the Day.
[[0;32m  OK  [0m] Reached target Timers.
         Starting LXD - unix socket.
[[0;32m  OK  [0m] Listening on cloud-init hotplug hook socket.
[[0;32m  OK  [0m] Reached target Paths.
[[0;32m  OK  [0m] Listening on ACPID Listen Socket.
[[0;32m  OK  [0m] Reached target Network is Online.
         Starting Availability of block devices...
[[0;32m  OK  [0m] Reached target Remote File Systems (Pre).
[[0;32m  OK  [0m] Reached target Remote File Systems.
[[0;32m  OK  [0m] Listening on LXD - unix socket.
[[0;32m  OK  [0m] Listening on Socket activation for snappy daemon.
[[0;32m  OK  [0m] Reached target Sockets.
[[0;32m  OK  [0m] Reached target Basic System.
         Starting LSB: automatic crash report generation...
[[0;32m  OK  [0m] Started D-Bus System Message Bus.
[911]: |+  B * .         |
[   45.542545] cloud-init[911]: |o+. *.O S        |
[   45.549976] cloud-init[911]: |+E. .Bo=         |
[   45.556761] cloud-init[911]: | o..oo...        |
[   45.562704] cloud-init[911]: |.o.=++o          |
[   45.569488] cloud-init[911]: |..+oBB+          |
[   45.575026] cloud-init[911]: +----[SHA256]-----+
[   45.581530] cloud-init[911]: Generating public/private dsa key pair.
[   45.590034] cloud-init[911]: Your identification has been saved in /etc/ssh/ssh_host_dsa_key.
[   45.601703] cloud-init[911]: Your public key has been saved in /etc/ssh/ssh_host_dsa_key.pub.
[   45.613579] cloud-init[911]: The key fingerprint is:
[   45.620752] cloud-init[911]: SHA256:yjaZ4a6K3vUHvl7kKfbKuhPA8yHFw4RF3WdqQZXjwhc root@ubuntu-bionic
[   45.633516] cloud-init[911]: The key's randomart image is:
[   45.640988] cloud-init[911]: +---[DSA 1024]----+
[   45.649235] cloud-init[911]: |    B+. o....    |
[   45.668807] cloud-init[911]: |   . = . o E     |
[   45.675119] cloud-init[911]: |  . . . . * o    |
[   45.680983] cloud-init[911]: |   = .   = o     |
[   45.687915] cloud-init[911]: |    = o S.o      |
[   45.693201] cloud-init[911]: |     = *o .      |
[   45.699417] cloud-init[911]: |     .@o.+       |
[   45.706918] cloud-init[911]: | .. .++o+.       |
[   45.725595] cloud-init[911]: |o..o.+**+.       |
[   45.745462] cloud-init[911]: +----[SHA256]-----+
[   45.766191] cloud-init[911]: Generating public/private ecdsa key pair.
[   45.791781] cloud-init[911]: Your identification has been saved in /etc/ssh/ssh_host_ecdsa_key.
[   45.814893] cloud-init[[0;32m  OK  [0m] Reached target Login Prompts (Pre).
         Starting Dispatcher daemon for systemd-networkd...
[[0;32m  OK  [0m] Started Deferred execution scheduler.
         Starting System Logging Service...
         Starting Pollinate to seed the pseudo random number generator...
[911]:          Starting Permit User Sessions...
         Starting Virtualbox guest utils...
[[0;32m  OK  [0m] Started FUSE filesystem for LXC.
Your public key has been saved in /etc/ssh/ssh_host_ecdsa_key.pub.         Starting Login Service...

[   45.962438] cloud-init[911]: The key fingerprint is:
[   46.063388] cloud-init[911]: SHA256:uELsASRqZP6b42PbVU0lvayep6Tcu3zvk1Y07Ov92lU root@ubuntu-bionic[[0;32m  OK  [0m] Started Regular background program processing daemon.
         Starting Snap Daemon...
         Starting Accounts Service...
         Starting LXD - container startup/shutdown...
         Starting LSB: Record successful boot for GRUB...

[   46.175733] cloud-init[911]: [[0;32m  OK  [0m] Started irqbalance daemon.
The key's randomart image is:[[0;32m  OK  [0m] Started Availability of block devices.
[[0;32m  OK  [0m] Started Permit User Sessions.

[   46.258394] cloud-init         Starting Hold until boot process finishes up...
         Starting Terminate Plymouth Boot Screen...
[[0;32m  OK  [0m] Started System Logging Service.
[911]: +---[ECDSA 256]---+[[0;32m  OK  [0m] Started Hold until boot process finishes up.
         Starting Set console scheme...

[   46.370911] [[0;32m  OK  [0m] Started Serial Getty on ttyS0.
cloud-init[[0;32m  OK  [0m] Started Terminate Plymouth Boot Screen.
[911]: |.o.        ...   |
[   46.424056] cloud-init[911]: |=o          o.   |
[   46.446290] cloud-init[911]: |.o.        .. o  |
[   46.490640] cloud-init[911]: |. .o   .  o  o o.|
[   46.550259] cloud-init[911]: [[0;32m  OK  [0m] Started Set console scheme.
[[0;32m  OK  [0m] Created slice system-getty.slice.
[[0;32m  OK  [0m] Started Getty on tty1.
[[0;32m  OK  [0m] Reached target Login Prompts.
|   .+ . S. .. ..E|
[   46.617079] cloud-init[911]: |   oo. ..  .   .o|
[   46.654003] cloud-init[911]: |   +o ..  ...   =|
[   46.669935] cloud-init[911]: |  .oo.. . =o o *o|
[   46.694010] cloud-init[911]: |  .oo.   o ** *=*|
[   46.759248] [[0;32m  OK  [0m] Started Login Service.
[[0;32m  OK  [0m] Started Unattended Upgrades Shutdown.
cloud-init[911]: +----[SHA256]-----+
[   46.843960] cloud-init[911]: [[0;32m  OK  [0m] Started LSB: automatic crash report generation.
Generating public/private ed25519 key pair.
[   46.905624] cloud-init[911]: Your identification has been saved in /etc/ssh/ssh_host_ed25519_key.
[   46.958498] cloud-init[911]: [[0;32m  OK  [0m] Started LSB: Record successful boot for GRUB.
Your public key has been saved in /etc/ssh/ssh_host_ed25519_key.pub.
[   47.053458] cloud-init[911]: The key fingerprint is:
[   47.126073] cloud-init         Starting Authorization Manager...
[911]: SHA256:WxS8WEA8a5gDIqcBT4X500a4BGFhS5p9HgW1fgdwntg root@ubuntu-bionic
[   47.297170] cloud-init[911]: The key's randomart image is:
[   47.349165] cloud-init[911]: +--[ED25519 256]--+
[   47.410623] cloud-init[911]: |o OBo++o+o.      |
[   47.433021] cloud-init[911]: |oX=.+..Bo.o.     |
[   47.457538] cloud-init[911]: |o=++o=ooE=..     |
[   47.476038] cloud-init[911]: |.  o+o* +o.      |
[   47.527254] cloud-init[911]: |    .o.oS o      |
[   47.586070] [[0;32m  OK  [0m] Started Authorization Manager.
[[0;32m  OK  [0m] Started Accounts Service.
cloud-init[911]: |       . +       |
[   47.665032] cloud-init[911]: |        .        |
[   47.738155] [[0;32m  OK  [0m] Started Virtualbox guest utils.
cloud-init[911]: |                 |
[   47.883433] cloud-init[911]: |                 |
[   47.935137] cloud-init[911]: +----[SHA256]-----+
[[0;32m  OK  [0m] Started Dispatcher daemon for systemd-networkd.
[[0;32m  OK  [0m] Started LXD - container startup/shutdown.
[[0;32m  OK  [0m] Started Pollinate to seed the pseudo random number generator.
         Starting OpenBSD Secure Shell server...
[[0;32m  OK  [0m] Started OpenBSD Secure Shell server.
[[0;32m  OK  [0m] Created slice User Slice of vagrant.
         Starting User Manager for UID 1000...
[[0;32m  OK  [0m] Started Session 1 of user vagrant.
[[0;32m  OK  [0m] Started Snap Daemon.
         Starting Wait until snapd is fully seeded...
[[0;32m  OK  [0m] Started User Manager for UID 1000.

Ubuntu 18.04.6 LTS ubuntu-bionic ttyS0

ubuntu-bionic login: [   61.190452] cloud-init[1387]: Cloud-init v. 23.1.2-0ubuntu0~18.04.1 running 'modules:config' at Tue, 06 Aug 2024 16:23:30 +0000. Up 58.35 seconds.
ci-info: no authorized SSH keys fingerprints found for user ubuntu.
<14>Aug  6 16:23:35 cloud-init: #############################################################
<14>Aug  6 16:23:35 cloud-init: -----BEGIN SSH HOST KEY FINGERPRINTS-----
<14>Aug  6 16:23:35 cloud-init: 1024 SHA256:yjaZ4a6K3vUHvl7kKfbKuhPA8yHFw4RF3WdqQZXjwhc root@ubuntu-bionic (DSA)
<14>Aug  6 16:23:35 cloud-init: 256 SHA256:uELsASRqZP6b42PbVU0lvayep6Tcu3zvk1Y07Ov92lU root@ubuntu-bionic (ECDSA)
<14>Aug  6 16:23:35 cloud-init: 256 SHA256:WxS8WEA8a5gDIqcBT4X500a4BGFhS5p9HgW1fgdwntg root@ubuntu-bionic (ED25519)
<14>Aug  6 16:23:36 cloud-init: 2048 SHA256:hoNDlpiPQZHHGe73iGXwjOvIn2jP7TjzcsEOIrEhuhY root@ubuntu-bionic (RSA)
<14>Aug  6 16:23:36 cloud-init: -----END SSH HOST KEY FINGERPRINTS-----
<14>Aug  6 16:23:36 cloud-init: #############################################################
-----BEGIN SSH HOST KEY KEYS-----
ecdsa-sha2-nistp256 AAAAE2VjZHNhLXNoYTItbmlzdHAyNTYAAAAIbmlzdHAyNTYAAABBBP2JD/2qikhI43/p7T8FN4m7ZYl5hzfmekfviOZBID61JBRmmuOHWLqLr67JHNPEPLhnPehQE3pJgLMzvwepiC4= root@ubuntu-bionic
ssh-ed25519 AAAAC3NzaC1lZDI1NTE5AAAAIK0YIDRawoBQaXNsBeheGuY28XcecD/PbRwfZfE9wUri root@ubuntu-bionic
ssh-rsa AAAAB3NzaC1yc2EAAAADAQABAAABAQCwVbP2msDoxdFyMixU6GCvTUZHE/lU9BgMhmfBz6P0QRyR8kRdr4wChNkIztlATR5q3AsTX1SokmLjMb/uJ8iXWXREOcLH2IJ4GCqfcUB2RKmBbaVsXA5/mWaoBbBqxGv7K4MHpoLaIrVJELbNljbDh/43m+g/hEfKBISNHYiDw/vIcj9EYS7EyoV+DKo+Fskw9QrkGTEYy14nHyP8j/WzKWqoHfcj5r9cDy7W0yOJ2S4l0u65xJERTf41yE2wrow8AcX9edmCYELZjabDIc0X/r/c2PexRD1Qlxe/PtMb+UVhY9xpoGD3ZEDo+wXEtem6xSeWStOkRgldVHgopCPv root@ubuntu-bionic
-----END SSH HOST KEY KEYS-----
[   64.466313] cloud-init[1527]: Cloud-init v. 23.1.2-0ubuntu0~18.04.1 running 'modules:final' at Tue, 06 Aug 2024 16:23:35 +0000. Up 63.43 seconds.
[   64.466622] cloud-init[1527]: Cloud-init v. 23.1.2-0ubuntu0~18.04.1 finished at Tue, 06 Aug 2024 16:23:36 +0000. Datasource DataSourceNoCloud [seed=/dev/sdb][dsmode=net].  Up 64.35 seconds
